[readme.com/index.html]
[readme.com/static/readme-logo.png]
[readme.com/static/fonts/ABCMarfa-Bold.woff2]
[readme.com/static/fonts/ABCMarfa-Regular.woff2]
[backblue.gif]
[fade.gif]
[index.html]
[readme.com/static/og_images/index.png]
[readme.com/static/favicons/favicon-blue.ico]
[pro.fontawesome.com/releases/v5.8.1/css/all.css]
[cdn.icomoon.io/80103/ReadMeIcons/style8bc5.css]
[readme.com/_next/static/css/19749d411fa484aa.css]
[readme.com/_next/static/css/5c74fa0a1fcf7ce1.css]
[readme.com/_next/static/css/fc32005e6d26629b.css]
[readme.com/_next/static/chunks/polyfills-c67a75d1b6f99dc8.js]
[readme.com/_next/static/chunks/webpack-cefa68762a1ab3e9.js]
[readme.com/_next/static/chunks/framework-847cdbe141f8ae13.js]
[readme.com/_next/static/chunks/main-0c688291bfaf752f.js]
[readme.com/_next/static/chunks/pages/_app-d97efc99546aa973.js]
[readme.com/_next/static/chunks/5593-d0a16126e0cfb271.js]
[readme.com/_next/static/chunks/8223-3920d0e8e3da0e46.js]
[readme.com/_next/static/chunks/320-985a1982fc56f349.js]
[readme.com/_next/static/chunks/7782-25031f2ff3b61b20.js]
[readme.com/_next/static/chunks/6102-b015cb89ea8e626d.js]
[readme.com/_next/static/chunks/774-b071daa0bb3299bd.js]
[readme.com/_next/static/chunks/pages/index-f3414f9adfe6e77b.js]
[readme.com/_next/static/3Qrq77NLVOPBypJXtPXz_/_buildManifest.js]
[readme.com/_next/static/3Qrq77NLVOPBypJXtPXz_/_ssgManifest.js]
[readme.com/enterprise.html]
[readme.com/pricing.html]
[readme.com/_next/arrow-upeb74.png]
[readme.com/_next/arrow-downd2c9.png]
[readme.com/static/img/home/hero-owl-left.png]
[readme.com/static/img/home/hero-owl-middle.png]
[readme.com/static/img/home/hero-owl-right.png]
[readme.com/_next/owlivia-profile8a6c.png]
[readme.com/_next/owlbert-profileb43e.png]
[readme.com/_next/owlejandro-profilec07c.png]
[readme.com/_next/401-blur-smc03c.png]
[readme.com/_next/300-blur-lg5902.png]
[readme.com/_next/200-blur-lg4fc6.png]
[readme.com/_next/developer_onboarding85a7.png]
[readme.com/static/img/home/bigboy-owl-1.png]
[readme.com/static/img/home/bigboy-owl-2.png]
[readme.com/static/img/home/bigboy-owl-3.png]
[readme.com/static/img/home/endpoint-get-custom-pages.png]
[readme.com/static/img/home/200-blur-lg.png]
[readme.com/static/img/home/endpoint-send-log.png]
[readme.com/static/img/home/401-blur-sm.png]
[readme.com/static/img/home/metrics-api-calls-chart.png]
[readme.com/static/img/home/metrics-api-errors-chart.png]
[readme.com/static/img/home/metrics-dashboard-ui.png]
[readme.com/static/img/home/300-blur-lg.png]
[readme.com/static/img/home/changelog-ui.png]
[readme.com/documentation.html]
[readme.com/metrics.html]
[readme.com/_next/metrics-chart-uib1c5.png]
[readme.com/community.html]
[readme.com/_next/workflow-uid2ef.png]
[readme.com/_next/editor-ui757d.png]
[readme.com/_next/200-blur-sm148c.png]
[readme.com/_next/500-blur-sm9820.png]
[readme.com/customers.html]
[readme.com/static/owlberts/owlejandro-celebrating.png]
[readme.com/static/owlberts/owlbert-celebrating.png]
[readme.com/static/owlberts/owlivia-celebrating.png]
[readme.com/static/img/home/footer-confetti-foreground.png]
[readme.com/static/img/home/footer-confetti-background.png]
[readme.com/developer-dashboard.html]
[readme.com/about.html]
[readme.com/slack.html]
[readme.com/tos.html]
[readme.com/privacy.html]
[js.hs-scripts.com/9401557.js]
[readme.com/index.html]
[pro.fontawesome.com/releases/v5.8.1/css/all.css]
[readme.com/msa.html]
[cdn.icomoon.io/80103/ReadMeIcons/ReadMe-Iconsdb12.eot]
[cdn.icomoon.io/80103/ReadMeIcons/ReadMe-Iconsdb12.woff2]
[cdn.icomoon.io/80103/ReadMeIcons/ReadMe-Iconsdb12.ttf]
[cdn.icomoon.io/80103/ReadMeIcons/ReadMe-Iconsdb12.woff]
[cdn.icomoon.io/80103/ReadMeIcons/style8bc5.css]
[cdn.icomoon.io/80103/ReadMeIcons/ReadMe-Iconsdb12.svg]
[readme.com/static/fonts/ABCMarfaMono-Regular.woff2]
[readme.com/static/fonts/ABCMarfaMono-Bold.woff2]
[readme.com/static/img/careers/owlfice.jpg]
[readme.com/static/img/careers/hero/owlbert-video.png]
[readme.com/static/img/careers/hero/owlbert-video-hands.png]
[readme.com/_next/static/css/19749d411fa484aa.css]
[readme.com/_next/static/css/5c74fa0a1fcf7ce1.css]
[readme.com/_next/static/css/fc32005e6d26629b.css]
[readme.com/static/favicons/favicon-enterprise.ico]
[readme.com/_next/static/css/4df71e9433a05ac2.css]
[readme.com/_next/static/chunks/4970-847e1841a2f23a79.js]
[readme.com/_next/static/chunks/pages/enterprise-33210f8734573c0b.js]
[readme.com/_next/public-private3f2c.png]
[readme.com/_next/customizable-design51d7.png]
[readme.com/_next/global-searchd492.png]
[readme.com/_next/permission-rolesb89f.png]
[readme.com/_next/sso353c.png]
[readme.com/_next/staging37e5.png]
[readme.com/_next/onboardingc546.png]
[readme.com/_next/audit-logsf46e.png]
[readme.com/_next/pdf-exports06d7.png]
[readme.com/_next/soc2-badge180f.png]
[readme.com/_next/ccpa-badge18b5.png]
[readme.com/_next/gdpr-badge9f6d.png]
[readme.com/customers/gusto.html]
[readme.com/_next/media083b.png]
[readme.com/customers/akamai.html]
[readme.com/_next/media9452.png]
[readme.com/customers/heap.html]
[readme.com/_next/media9cd2.png]
[readme.com/enterprise.html]
[readme.com/static/favicons/favicon-blue_medium.ico]
[readme.com/_next/static/css/e1ce118a44ad6be2.css]
[readme.com/_next/static/chunks/1815-1efb8f80b1415df5.js]
[readme.com/_next/static/chunks/pages/pricing-51b91b42effbb52b.js]
[readme.com/_next/owl-readinga991.png]
[readme.com/_next/owl-swag9f28.png]
[readme.com/_next/owl-coffeeb425.png]
[readme.com/_next/owl-computer90c6.png]
[readme.com/_next/feature1f272.png]
[readme.com/_next/feature23154.png]
[readme.com/_next/feature32c6b.png]
[readme.com/_next/feature4c7b8.png]
[readme.com/_next/feature59f57.png]
[readme.com/_next/feature63db0.png]
[readme.com/_next/feature75955.png]
[readme.com/_next/feature8a01b.png]
[readme.com/pricing.html]
[readme.com/static/favicons/favicon-green.ico]
[readme.com/_next/static/css/11f09f431708d163.css]
[readme.com/_next/static/chunks/990-741602368b0d1a45.js]
[readme.com/_next/static/chunks/1748-1deb3c4aa0c6c7d2.js]
[readme.com/_next/static/chunks/pages/documentation-f5fac88a3f5371bf.js]
[readme.com/_next/tab-guidesee66.jpeg]
[readme.com/_next/oas-owlbert7573.png]
[readme.com/_next/oas-widget2c5a.png]
[readme.com/_next/getstarted-languagedb57.png]
[readme.com/_next/getstarted-codeaaf3.png]
[readme.com/_next/getstarted-request74f9.png]
[readme.com/_next/getstarted-owlejandro9146.png]
[readme.com/_next/getstarted-bgaaa2.png]
[readme.com/_next/public-docs-login3c61.png]
[readme.com/_next/public-docs-bg1486.png]
[readme.com/_next/easy-edits-slash-menu09be.png]
[readme.com/_next/easy-edits-editor-bgfb87.png]
[readme.com/_next/explore-metrics6be2.png]
[readme.com/_next/explore-community3e2d.png]
[readme.com/documentation.html]
[readme.com/static/og_images/metrics.png]
[readme.com/static/favicons/favicon-metrics.ico]
[readme.com/_next/static/css/bcfdf70da09bac01.css]
[readme.com/_next/static/chunks/pages/metrics-ff2f81476948d149.js]
[readme.com/_next/tab-comparisonb37a.jpeg]
[readme.com/_next/meet-developers-users558f.png]
[readme.com/_next/meet-developers-new-users104f.png]
[readme.com/_next/meet-developers-bg4edd.png]
[readme.com/_next/getintoweeds-share1da5.png]
[readme.com/_next/getintoweeds-responsec399.png]
[readme.com/_next/getintoweeds-output55b9.png]
[readme.com/_next/getintoweeds-bg68ce.png]
[readme.com/_next/buildnext-endpoints2415.png]
[readme.com/_next/buildnext-apierrorsb76e.png]
[readme.com/_next/buildnext-apicallsc421.png]
[readme.com/_next/buildnext-dash9a80.png]
[readme.com/_next/explore-documentationf737.png]
[readme.com/metrics.html]
[readme.com/static/favicons/favicon-yellow.ico]
[readme.com/_next/static/css/525b76d218f55038.css]
[readme.com/_next/static/chunks/pages/community-37e0cbebd8798468.js]
[readme.com/_next/tab-changelog8fbc.jpeg]
[readme.com/_next/slash-menua937.png]
[readme.com/_next/changelog-bge715.png]
[readme.com/_next/page-votec329.png]
[readme.com/_next/owlivia7e27.png]
[readme.com/_next/changelog405a.png]
[readme.com/_next/suggested-edit0150.png]
[readme.com/_next/page-quality3813.png]
[readme.com/_next/api-log-bg1ebe.png]
[readme.com/_next/response821c.png]
[readme.com/_next/share-requeste372.png]
[readme.com/_next/discussion-post95a0.png]
[readme.com/_next/try-typingff9e.png]
[readme.com/_next/owlivia-dark4e7d.png]
[readme.com/community.html]
[readme.com/static/favicons/favicon-yammer.ico]
[readme.com/_next/static/css/2f4b09bb0c027276.css]
[readme.com/_next/static/css/e112e48105a693b2.css]
[readme.com/_next/static/chunks/pages/customers-0a8c75d28dbdc6aa.js]
[readme.com/customers/drivewealth.html]
[readme.com/_next/mediac576.png]
[readme.com/customers/socialscrape.html]
[readme.com/_next/media041a.png]
[readme.com/customers/baremetrics.html]
[readme.com/_next/media085f.png]
[readme.com/customers/clever.html]
[readme.com/_next/media3112.png]
[readme.com/customers/scale.html]
[readme.com/_next/media93ff.png]
[readme.com/customers/doppler.html]
[readme.com/_next/mediaaf67.png]
[readme.com/_next/doppler811a.png]
[readme.com/static/customer-logos/scale.svg]
[readme.com/static/customer-logos/notion.svg]
[readme.com/static/customer-logos/miro.svg]
[readme.com/static/customer-logos/yelp.svg]
[readme.com/static/customer-logos/webflow.svg]
[readme.com/static/customer-logos/travelperk.svg]
[readme.com/static/customer-logos/addepar.svg]
[readme.com/static/customer-logos/yalo.svg]
[readme.com/static/customer-logos/shogun.svg]
[readme.com/static/customer-logos/bloomreach.svg]
[readme.com/static/customer-logos/enigma.svg]
[readme.com/static/customer-logos/modern-treasury.svg]
[readme.com/static/customer-logos/pley.svg]
[readme.com/static/customer-logos/gusto.svg]
[readme.com/static/customer-logos/railz.svg]
[readme.com/static/customer-logos/monday.svg]
[readme.com/static/customer-logos/appsflyer.svg]
[readme.com/static/customer-logos/clover.svg]
[readme.com/static/customer-logos/opensea.svg]
[readme.com/static/customer-logos/personio.svg]
[readme.com/static/customer-logos/gamesight.svg]
[readme.com/static/customer-logos/cri-teo.svg]
[readme.com/static/customer-logos/percy.svg]
[readme.com/static/customer-logos/dialpad.svg]
[readme.com/static/customer-logos/safegraph.svg]
[readme.com/static/customer-logos/samsara.svg]
[readme.com/static/customer-logos/liveramp.svg]
[readme.com/static/customer-logos/galileo.svg]
[readme.com/static/customer-logos/blend.svg]
[readme.com/static/customer-logos/render.svg]
[readme.com/static/customer-logos/podium.svg]
[readme.com/static/customer-logos/mxpanel.svg]
[readme.com/static/customer-logos/humanapi.svg]
[readme.com/static/customer-logos/branch.svg]
[readme.com/static/customer-logos/deel.svg]
[readme.com/customers.html]
[readme.com/static/customer-logos/gorgias.svg]
[readme.com/_next/static/css/571368640395a49b.css]
[readme.com/_next/static/chunks/8590-f21df1ad2627b687.js]
[readme.com/_next/static/chunks/pages/developer-dashboard-f5e450c78d982d49.js]
[readme.com/_next/keyf680.png]
[readme.com/_next/stopab2d.png]
[readme.com/_next/scalef11f.png]
[readme.com/_next/notion5099.png]
[readme.com/_next/miro480b.png]
[readme.com/_next/webflow26f6.png]
[readme.com/_next/travelperk1f94.png]
[readme.com/_next/yalo983a.png]
[readme.com/_next/bloomreachabdd.png]
[readme.com/_next/gustod4bf.png]
[readme.com/_next/afterpayb846.png]
[readme.com/_next/personio92cd.png]
[readme.com/_next/percyc522.png]
[readme.com/_next/dialpad05d2.png]
[readme.com/_next/samsara51ee.png]
[readme.com/_next/blend3efb.png]
[readme.com/_next/renderdd69.png]
[readme.com/_next/mixpanelfdf9.png]
[readme.com/_next/formation9394.png]
[readme.com/_next/developerc61f.png]
[readme.com/_next/key8d5c.png]
[readme.com/_next/analyzefa10.png]
[readme.com/developer-dashboard.html]
[readme.com/static/favicons/favicon-about.ico]
[readme.com/_next/static/css/f51e48afa6d9f1c8.css]
[readme.com/_next/static/chunks/3285-0cb72533448104ca.js]
[readme.com/_next/static/chunks/pages/about-ddeba7b780fef9b3.js]
[readme.com/static/people/greg.jpg]
[readme.com/static/people/marc.jpg]
[readme.com/static/people/dom.jpg]
[readme.com/static/people/dave.jpg]
[readme.com/static/people/kanad.jpg]
[readme.com/static/people/kirby.jpg]
[readme.com/static/people/shea.jpg]
[readme.com/static/people/gabe.jpg]
[readme.com/static/people/jon.jpg]
[readme.com/static/people/darren.jpg]
[readme.com/static/people/rafe.jpg]
[readme.com/static/people/benak.jpg]
[readme.com/static/people/jesse.jpg]
[readme.com/static/people/tony.jpg]
[readme.com/static/people/pat.jpg]
[readme.com/static/people/emily.jpg]
[readme.com/static/people/lamberto.jpg]
[readme.com/static/people/kelly.jpg]
[readme.com/static/people/laura.jpg]
[readme.com/static/people/aaron.jpg]
[readme.com/static/people/ilias.jpg]
[readme.com/static/people/andrew.jpg]
[readme.com/static/people/terrell.jpg]
[readme.com/static/people/ryanp.jpg]
[readme.com/static/people/julia.jpg]
[readme.com/static/people/tommy.jpg]
[readme.com/static/people/taryn.jpg]
[readme.com/static/people/kevin.jpg]
[readme.com/static/people/lyli.jpg]
[readme.com/static/people/ryanv.jpg]
[readme.com/static/people/manna.jpg]
[readme.com/static/people/rachel.jpg]
[readme.com/static/people/trisha.jpg]
[readme.com/static/people/daniels.jpg]
[readme.com/static/people/phoebe.jpg]
[readme.com/static/people/jaclyn.jpg]
[readme.com/static/people/karla.jpg]
[readme.com/static/people/miche.jpg]
[readme.com/static/people/tori.jpg]
[readme.com/static/people/erdman.jpg]
[readme.com/static/people/brendan.jpg]
[readme.com/static/people/kenny.jpg]
[readme.com/static/people/james.jpg]
[readme.com/static/people/jeff.jpg]
[readme.com/static/people/undefined]
[readme.com/static/people/bill.jpg]
[readme.com/static/people/jenn.jpg]
[readme.com/static/people/bella.jpg]
[readme.com/static/people/aya.jpg]
[readme.com/static/people/jim.png]
[readme.com/static/people/adam.jpg]
[readme.com/static/people/owlbert.jpg]
[readme.com/careers.html]
[readme.com/_next/teamca39.png]
[readme.com/about.html]
[readme.com/cdn-cgi/scripts/5c5dd728/cloudflare-static/email-decode.min.js]
[readme.com/static/og_images/slack.png]
[readme.com/static/favicons/favicon-slack.ico]
[readme.com/_next/static/chunks/pages/slack-effc3650989ea2c6.js]
[readme.com/_next/writersacd1.png]
[readme.com/slack.html]
[readme.com/_next/static/css/42690ff0d94367dd.css]
[readme.com/_next/static/chunks/1619-909f98688fe05944.js]
[readme.com/_next/static/chunks/pages/tos-849ec6685bba626e.js]
[readme.com/tos.html]
[readme.com/cdn-cgi/l/email-protection.html]
[readme.com/_next/static/chunks/pages/privacy-551f3a1065dca867.js]
[readme.com/support@readme.io]
[readme.com/dash.readme.com]
[readme.com/privacy.html]
[readme.com/msa.html]
[readme.com/_next/static/chunks/pages/msa-32b5b3b7319d8301.js]
[cdn.icomoon.io/80103/ReadMeIcons/ReadMe-Iconsdb12.svg]
[readme.com/_next/static/css/4df71e9433a05ac2.css]
[readme.com/customers/[customer]]
[readme.com/_next/static/css/052b12a8f4c0322f.css]
[readme.com/_next/static/chunks/5854-adb03e59529c28f3.js]
[readme.com/_next/static/chunks/pages/customers/[customer]-babd326a759e7eb0.js]
[readme.com/_next/miche6394.jpeg]
[readme.com/_next/miche426e.jpeg]
[readme.com/customers/gusto.html]
[readme.com/_next/laura9585.jpeg]
[readme.com/_next/laura9676.jpeg]
[readme.com/customers/akamai.html]
[readme.com/_next/kanadad44.jpeg]
[readme.com/_next/kanadc91b.jpeg]
[readme.com/customers/heap.html]
[readme.com/_next/static/css/e1ce118a44ad6be2.css]
[readme.com/static/owlberts/owlejandro-profile-frameless.png]
[readme.com/_next/static/css/11f09f431708d163.css]
[readme.com/_next/static/css/bcfdf70da09bac01.css]
[readme.com/_next/static/css/525b76d218f55038.css]
[readme.com/_next/static/css/2f4b09bb0c027276.css]
[readme.com/_next/static/css/e112e48105a693b2.css]
[readme.com/_next/jon4f67.jpeg]
[readme.com/_next/jonb8ed.jpeg]
[readme.com/customers/drivewealth.html]
[readme.com/customers/socialscrape.html]
[readme.com/_next/shea31d3.jpeg]
[readme.com/_next/shea5032.jpeg]
[readme.com/customers/baremetrics.html]
[readme.com/_next/kirby3df1.jpeg]
[readme.com/_next/kirbydca9.jpeg]
[readme.com/customers/clever.html]
[readme.com/customers/scale.html]
[readme.com/static/customers/cases/doppler/article/welcomepage.png]
[readme.com/static/customers/cases/doppler/article/readtime.png]
[readme.com/static/customers/cases/doppler/article/whatsnext.png]
[readme.com/customers/doppler.html]
[readme.com/static/customer-logos/scale.svg]
[readme.com/static/customer-logos/notion.svg]
[readme.com/static/customer-logos/miro.svg]
[readme.com/static/customer-logos/yelp.svg]
[readme.com/static/customer-logos/webflow.svg]
[readme.com/static/customer-logos/travelperk.svg]
[readme.com/static/customer-logos/addepar.svg]
[readme.com/static/customer-logos/yalo.svg]
[readme.com/static/customer-logos/shogun.svg]
[readme.com/static/customer-logos/bloomreach.svg]
[readme.com/static/customer-logos/enigma.svg]
[readme.com/static/customer-logos/modern-treasury.svg]
[readme.com/static/customer-logos/pley.svg]
[readme.com/static/customer-logos/gusto.svg]
[readme.com/static/customer-logos/railz.svg]
[readme.com/static/customer-logos/monday.svg]
[readme.com/static/customer-logos/appsflyer.svg]
[readme.com/static/customer-logos/clover.svg]
[readme.com/static/customer-logos/opensea.svg]
[readme.com/static/customer-logos/personio.svg]
[readme.com/static/customer-logos/gamesight.svg]
[readme.com/static/customer-logos/cri-teo.svg]
[readme.com/static/customer-logos/percy.svg]
[readme.com/static/customer-logos/dialpad.svg]
[readme.com/static/customer-logos/safegraph.svg]
[readme.com/static/customer-logos/samsara.svg]
[readme.com/static/customer-logos/liveramp.svg]
[readme.com/static/customer-logos/galileo.svg]
[readme.com/static/customer-logos/blend.svg]
[readme.com/static/customer-logos/render.svg]
[readme.com/static/customer-logos/podium.svg]
[readme.com/static/customer-logos/mxpanel.svg]
[readme.com/static/customer-logos/humanapi.svg]
[readme.com/static/customer-logos/branch.svg]
[readme.com/static/customer-logos/deel.svg]
[readme.com/static/customer-logos/gorgias.svg]
[readme.com/static/img/developer-dashboard/running-sprite.webp]
[readme.com/static/img/developer-dashboard/hand-1.webp]
[readme.com/static/img/developer-dashboard/hand-2.webp]
[readme.com/static/img/developer-dashboard/hand-3.webp]
[readme.com/static/img/developer-dashboard/hand-4.webp]
[readme.com/_next/static/css/571368640395a49b.css]
[readme.com/_next/static/css/f51e48afa6d9f1c8.css]
[readme.com/static/people/undefined.html]
[readme.com/static/og_images/careers.png]
[readme.com/_next/static/css/0c35726a5d06316b.css]
[readme.com/_next/static/chunks/4434-a8d242452b11e21d.js]
[readme.com/_next/static/chunks/pages/careers-292aea58fefa9515.js]
[readme.com/_next/kirbyc6fb.jpeg]
[readme.com/_next/group32d18.jpeg]
[readme.com/_next/gregc06a.jpeg]
[readme.com/_next/kanad293b.jpeg]
[readme.com/_next/owl-selfieddce.png]
[readme.com/static/img/careers/blurbs/ig-talent.jpg]
[readme.com/static/img/careers/blurbs/ig-talent.mp4]
[readme.com/_next/avatar-owlbertb03e.png]
[readme.com/_next/gregedd1.jpeg]
[readme.com/static/img/careers/nests/nests-sf.jpg]
[readme.com/static/img/careers/nests/nests-sf.mp4]
[readme.com/static/img/careers/nests/nests-sf.vtt]
[readme.com/_next/mary898b.jpeg]
[readme.com/_next/maryae6a.jpeg]
[readme.com/static/img/careers/nests/nests-columbus.jpg]
[readme.com/static/img/careers/nests/nests-columbus.mp4]
[readme.com/_next/benak4317.jpeg]
[readme.com/_next/dave7f83.jpeg]
[readme.com/_next/owl-medical83e8.jpeg]
[readme.com/_next/owl-retreatsb245.jpeg]
[readme.com/_next/owl-gym1fcd.jpeg]
[readme.com/_next/owl-weekendseb84.jpeg]
[readme.com/_next/owl-wfh69e0.jpeg]
[readme.com/_next/owl-pay5ce4.jpeg]
[readme.com/careers.html]
[readme.com/_next/static/css/42690ff0d94367dd.css]
[readme.com/cdn-cgi/l/email-protection.html]
[readme.com/tos/index.html]
[readme.com/support@readme.html]
[readme.com/gdpr/index.html]
[readme.com/dash.readme.html]
[readme.com/customers/[customer].html]
[readme.com/_next/static/css/052b12a8f4c0322f.css]
[readme.com/_next/static/css/0c35726a5d06316b.css]
[readme.com/_next/image988b.html]
