[ngocvu.com.vn/index.html]
[backblue.gif]
[fade.gif]
[index.html]
[ngocvu.com.vn/wp-content/themes/astra/assets/css/minified/style.min9776.css]
[ngocvu.com.vn/wp-content/themes/astra/assets/fonts/astra.woff]
[ngocvu.com.vn/wp-content/themes/astra/assets/css/minified/menu-animation.min9776.css]
[ngocvu.com.vn/wp-includes/css/dist/block-library/style.min18cf.css]
[ngocvu.com.vn/feed/index.html]
[ngocvu.com.vn/wp-content/plugins/custom-facebook-feed-pro/assets/css/cff-style.min9c92.css]
[ngocvu.com.vn/comments/feed/index.html]
[ngocvu.com.vn/wp-content/plugins/elementor/assets/css/frontend-legacy.mina1c3.css]
[ngocvu.com.vn/wp-content/plugins/elementor/assets/css/frontend.mina1c3.css]
[ngocvu.com.vn/wp-content/plugins/essential-addons-for-elementor-lite/assets/front-end/css/view/general.minf658.css]
[ngocvu.com.vn/wp-content/uploads/essential-addons-elementor/eael-35831bb.css]
[ngocvu.com.vn/wp-content/plugins/elementor/assets/lib/eicons/css/elementor-icons.minfc13.css]
[ngocvu.com.vn/wp-content/plugins/elementor/assets/lib/swiper/css/swiper.min48f5.css]
[ngocvu.com.vn/wp-content/uploads/elementor/css/post-45de31.css]
[ngocvu.com.vn/wp-content/plugins/powerpack-elements/assets/css/min/frontend.min7d47.css]
[ngocvu.com.vn/wp-content/plugins/elementor-pro/assets/css/frontend.min9086.css]
[ngocvu.com.vn/wp-content/plugins/ultimate-elementor/assets/min-css/uael-frontend.min9063.css]
[ngocvu.com.vn/wp-content/uploads/elementor/css/global60b3.css]
[ngocvu.com.vn/wp-content/uploads/elementor/css/post-358841d.css]
[ngocvu.com.vn/wp-content/plugins/elementor/assets/lib/font-awesome/css/fontawesome.min52d5.css]
[ngocvu.com.vn/wp-content/plugins/elementor/assets/lib/font-awesome/css/solid.min52d5.css]
[ngocvu.com.vn/wp-includes/js/jquery/jquery.min5aed.js]
[ngocvu.com.vn/wp-includes/js/jquery/jquery-migrate.min6b00.js]
[ngocvu.com.vn/wp-json/index.html]
[ngocvu.com.vn/wp-json/wp/v2/pages/358.json]
[ngocvu.com.vn/xmlrpc0db0.php]
[ngocvu.com.vn/wp-includes/wlwmanifest.xml]
[ngocvu.com.vn/wp-json/oembed/1.0/embed5631.json]
[ngocvu.com.vn/wp-json/oembed/1.0/embedde9e]
[ngocvu.com.vn/wp-admin/admin-ajax.php]
[ngocvu.com.vn/wp-content/uploads/2023/07/356514855_3432504683731872_3436737524028493490_n.jpg]
[ngocvu.com.vn/wp-content/uploads/2023/07/356504821_1273218739991442_8272501337508609386_n.jpg]
[ngocvu.com.vn/wp-content/uploads/2023/07/356504819_942446230201874_5243607629392820132_n.jpg]
[ngocvu.com.vn/wp-content/uploads/2023/07/356502299_612872014358747_4821246510357332564_n.jpg]
[ngocvu.com.vn/wp-content/uploads/2023/07/356499795_630086812421462_8179463318387409264_n.jpg]
[ngocvu.com.vn/wp-content/uploads/2023/07/356490899_293440966541800_1770110711215617214_n.jpg]
[ngocvu.com.vn/wp-content/uploads/2023/07/356474952_1604801250043064_8019548775657124126_n.jpg]
[ngocvu.com.vn/wp-content/uploads/2023/07/356472548_822418375767120_1884424045642096376_n.jpg]
[ngocvu.com.vn/wp-content/uploads/2023/07/356462793_1300729587197091_2932943649856663189_n.jpg]
[ngocvu.com.vn/wp-content/uploads/2023/07/356453346_713121693914412_3050094637331902863_n.jpg]
[ngocvu.com.vn/wp-content/uploads/2023/07/356448370_5759972647437358_1332337848560895528_n.jpg]
[ngocvu.com.vn/wp-content/uploads/2023/07/356477643_292437703257528_1113037072590439714_n.jpg]
[ngocvu.com.vn/wp-content/uploads/2023/07/356485865_231288779778969_665748236083188541_n.jpg]
[ngocvu.com.vn/wp-content/uploads/2023/07/356460350_1030524061658783_530371853333233933_n.jpg]
[ngocvu.com.vn/wp-content/uploads/2023/07/356443469_778845224031690_3898197397935493762_n.jpg]
[ngocvu.com.vn/wp-content/uploads/2023/07/356429810_654452313204615_9015605343861894479_n.jpg]
[ngocvu.com.vn/wp-content/uploads/2023/07/356425878_802872428154209_5370180219723278675_n.jpg]
[ngocvu.com.vn/wp-content/uploads/2023/07/356422735_607164688151692_3397701367690435160_n.jpg]
[ngocvu.com.vn/wp-content/uploads/2023/07/356422722_1001339784200600_909244426773571378_n.jpg]
[ngocvu.com.vn/wp-content/uploads/2023/07/356409798_1393889494886545_541165180295433416_n.jpg]
[ngocvu.com.vn/wp-content/uploads/2023/07/356416836_6350830271699114_7499614409844531143_n.jpg]
[ngocvu.com.vn/wp-content/uploads/2023/07/356416853_810514030787459_2909133010574105467_n.jpg]
[ngocvu.com.vn/wp-content/uploads/2023/07/356499807_2514480592039522_6092171442566942141_n.jpg]
[ngocvu.com.vn/wp-content/uploads/2023/07/356517282_1484966595668443_4208817890814129299_n.jpg]
[ngocvu.com.vn/wp-content/uploads/2023/07/356490909_297677432720530_8125368299856031126_n.jpg]
[ngocvu.com.vn/wp-content/uploads/2023/07/356483253_791385572490021_1725736981175135366_n.jpg]
[ngocvu.com.vn/wp-content/uploads/2023/07/356450975_848799553512926_8966261144773763780_n.jpg]
[ngocvu.com.vn/wp-content/uploads/2023/07/356437664_579227207622212_8989941728137474826_n.jpg]
[ngocvu.com.vn/wp-content/uploads/2023/07/356435391_1003150084193269_4981600528842985182_n.jpg]
[ngocvu.com.vn/wp-content/uploads/2023/07/356433502_1418437749001007_9113774293419675674_n.jpg]
[ngocvu.com.vn/wp-content/uploads/2023/07/streeslife-scaled.jpg]
[ngocvu.com.vn/wp-content/uploads/2023/07/356521972_1048099569885481_5351432370054955368_n.jpg]
[ngocvu.com.vn/wp-content/uploads/2023/07/doi-thuong-scaled.jpg]
[ngocvu.com.vn/wp-content/uploads/2023/07/356495441_320641370295577_727927069446106180_n.jpg]
[ngocvu.com.vn/wp-content/uploads/2023/07/356433502_2099117427086195_3989116132437309831_n.jpg]
[ngocvu.com.vn/wp-content/uploads/2023/07/356429808_596487229260406_8142242899157474532_n.jpg]
[ngocvu.com.vn/wp-content/uploads/2023/07/356440258_231683906438605_2641428135735163796_n.jpg]
[ngocvu.com.vn/wp-content/uploads/2023/07/356437671_9705158096191850_3991460540048589793_n.jpg]
[ngocvu.com.vn/wp-content/uploads/2023/07/nude-2-scaled.jpg]
[ngocvu.com.vn/wp-content/uploads/2023/07/nude-scaled.jpg]
[ngocvu.com.vn/wp-content/uploads/2023/07/356435398_1403393686892845_256684981048585954_n.jpg]
[ngocvu.com.vn/wp-content/uploads/2023/07/356433515_1416287315889791_8557255294235771750_n.jpg]
[ngocvu.com.vn/wp-content/uploads/2023/07/Hoa-scaled.jpg]
[ngocvu.com.vn/wp-content/uploads/2023/07/hoa-sen-scaled.jpg]
[ngocvu.com.vn/wp-content/uploads/2023/07/356490899_1350227089183761_719059515564151989_n.jpg]
[ngocvu.com.vn/wp-content/uploads/2023/07/356490922_312813364511571_871479617844847689_n.jpg]
[ngocvu.com.vn/wp-content/uploads/2023/07/356480466_244694631673958_8755493228264981475_n.jpg]
[ngocvu.com.vn/wp-content/uploads/2023/07/356480491_2456466311198524_5112258354419942660_n.jpg]
[ngocvu.com.vn/wp-content/uploads/2023/07/356429818_1987381674929409_6958014074440796969_n.jpg]
[ngocvu.com.vn/wp-content/plugins/elementor/assets/lib/e-gallery/css/e-gallery.min7359.css]
[ngocvu.com.vn/wp-content/plugins/elementor/assets/lib/animations/animations.mina1c3.css]
[ngocvu.com.vn/wp-content/themes/astra/assets/js/minified/style.min9776.js]
[ngocvu.com.vn/wp-content/plugins/custom-facebook-feed-pro/assets/js/cff-scripts9c92.js]
[ngocvu.com.vn/wp-content/plugins/essential-addons-for-elementor-lite/assets/front-end/js/view/general.minf658.js]
[ngocvu.com.vn/wp-content/uploads/essential-addons-elementor/eael-35831bb.js]
[ngocvu.com.vn/wp-content/plugins/elementor-pro/assets/lib/smartmenus/jquery.smartmenus.minf269.js]
[ngocvu.com.vn/wp-content/plugins/elementor/assets/lib/e-gallery/js/e-gallery.min7359.js]
[ngocvu.com.vn/wp-content/plugins/elementor-pro/assets/js/webpack-pro.runtime.min9086.js]
[ngocvu.com.vn/wp-content/plugins/elementor/assets/js/webpack.runtime.mina1c3.js]
[ngocvu.com.vn/wp-content/plugins/elementor/assets/js/frontend-modules.mina1c3.js]
[ngocvu.com.vn/wp-includes/js/dist/vendor/wp-polyfill-inert.min0226.js]
[ngocvu.com.vn/wp-includes/js/dist/vendor/regenerator-runtime.min8fa4.js]
[ngocvu.com.vn/wp-includes/js/dist/vendor/wp-polyfill.min2c7c.js]
[ngocvu.com.vn/wp-includes/js/dist/hooks.min6c65.js]
[ngocvu.com.vn/wp-includes/js/dist/i18n.mine57b.js]
[ngocvu.com.vn/wp-content/plugins/elementor-pro/assets/js/frontend.min9086.js]
[ngocvu.com.vn/wp-content/plugins/elementor/assets/lib/waypoints/waypoints.min05da.js]
[ngocvu.com.vn/wp-includes/js/jquery/ui/core.min3f14.js]
[ngocvu.com.vn/wp-content/plugins/elementor/assets/lib/swiper/swiper.min48f5.js]
[ngocvu.com.vn/wp-content/plugins/elementor/assets/lib/share-link/share-link.mina1c3.js]
[ngocvu.com.vn/wp-content/plugins/elementor/assets/lib/dialog/dialog.mind227.js]
[ngocvu.com.vn/wp-content/plugins/elementor/assets/js/frontend.mina1c3.js]
[ngocvu.com.vn/wp-content/plugins/elementor-pro/assets/js/preloaded-elements-handlers.min9086.js]
[ngocvu.com.vn/wp-content/plugins/elementor/assets/js/preloaded-modules.mina1c3.js]
[ngocvu.com.vn/wp-content/plugins/elementor-pro/assets/lib/sticky/jquery.sticky.min9086.js]
[ngocvu.com.vn/wp-content/plugins/powerpack-elements/assets/lib/tooltipster/tooltipster.min7d47.js]
[ngocvu.com.vn/index.html]
[ngocvu.com.vn/wp-content/themes/astra/assets/css/minified/style.min9776.css]
[ngocvu.com.vn/wp-content/themes/astra/assets/css/minified/menu-animation.min9776.css]
[ngocvu.com.vn/wp-includes/css/dist/block-library/style.min18cf.css]
[ngocvu.com.vn/wp-includes/css/classic-themes.min18cf.css]
[ngocvu.com.vn/wp-content/plugins/custom-facebook-feed-pro/assets/img/cff-sprite.png]
[ngocvu.com.vn/wp-content/plugins/custom-facebook-feed-pro/assets/css/cff-style.min9c92.css]
[ngocvu.com.vn/wp-content/plugins/elementor/assets/css/frontend-legacy.mina1c3.css]
[ngocvu.com.vn/wp-content/plugins/elementor/assets/css/frontend.mina1c3.css]
[ngocvu.com.vn/wp-content/plugins/essential-addons-for-elementor-lite/assets/front-end/css/view/general.minf658.css]
[ngocvu.com.vn/wp-content/uploads/essential-addons-elementor/eael-35831bb.css]
[ngocvu.com.vn/wp-content/plugins/elementor/assets/lib/eicons/fonts/eiconsb732.eot]
[ngocvu.com.vn/wp-content/plugins/elementor/assets/lib/eicons/fonts/eiconsb732.woff2]
[ngocvu.com.vn/wp-content/plugins/elementor/assets/lib/eicons/fonts/eiconsb732.woff]
[ngocvu.com.vn/wp-content/plugins/elementor/assets/lib/eicons/fonts/eiconsb732.ttf]
[ngocvu.com.vn/wp-content/plugins/elementor/assets/lib/eicons/css/elementor-icons.minfc13.css]
[ngocvu.com.vn/wp-content/plugins/elementor/assets/lib/swiper/css/swiper.min48f5.css]
[ngocvu.com.vn/wp-content/uploads/elementor/css/post-45de31.css]
[ngocvu.com.vn/wp-content/plugins/powerpack-elements/assets/css/min/frontend.min7d47.css]
[ngocvu.com.vn/wp-content/plugins/elementor-pro/assets/css/frontend.min9086.css]
[ngocvu.com.vn/wp-content/plugins/ultimate-elementor/assets/min-css/uael-frontend.min9063.css]
[ngocvu.com.vn/wp-content/uploads/elementor/css/global60b3.css]
[ngocvu.com.vn/wp-content/plugins/elementor/assets/lib/eicons/fonts/eiconsb732.svg]
[ngocvu.com.vn/wp-content/uploads/2023/07/Landscape-scaled.jpg]
[ngocvu.com.vn/wp-content/uploads/2023/07/i_m-me-e1689471816186.jpg]
[ngocvu.com.vn/wp-content/uploads/2023/07/Co-be-lang-Machulo-2-scaled.jpg]
[ngocvu.com.vn/wp-content/uploads/2023/07/Landscape.-2jpg-scaled.jpg]
[ngocvu.com.vn/wp-content/uploads/elementor/css/post-358841d.css]
[ngocvu.com.vn/wp-content/plugins/elementor/assets/lib/font-awesome/css/fontawesome.min52d5.css]
[ngocvu.com.vn/wp-content/plugins/elementor/assets/lib/font-awesome/webfonts/fa-solid-900.eot]
[ngocvu.com.vn/wp-content/plugins/elementor/assets/lib/font-awesome/webfonts/fa-solid-900d41d.eot]
[ngocvu.com.vn/wp-content/plugins/elementor/assets/lib/font-awesome/webfonts/fa-solid-900.woff2]
[ngocvu.com.vn/wp-content/plugins/elementor/assets/lib/font-awesome/webfonts/fa-solid-900.woff]
[ngocvu.com.vn/wp-content/plugins/elementor/assets/lib/font-awesome/webfonts/fa-solid-900.ttf]
[ngocvu.com.vn/wp-content/plugins/elementor/assets/lib/font-awesome/css/solid.min52d5.css]
[ngocvu.com.vn/wp-content/plugins/index.html]
[ngocvu.com.vn/wp-admin/admin-ajax.html]
[ngocvu.com.vn/wp-content/plugins/elementor/assets/lib/e-gallery/css/e-gallery.min7359.css]
[ngocvu.com.vn/wp-content/plugins/elementor/assets/lib/animations/animations.mina1c3.css]
[ngocvu.com.vn/wp-content/plugins/elementor/assets/lib/eicons/fonts/eiconsb732.svg]
[ngocvu.com.vn/wp-content/plugins/elementor/assets/lib/font-awesome/webfonts/fa-solid-900.svg]
[ngocvu.com.vn/wp-content/plugins/elementor/assets/lib/font-awesome/webfonts/fa-solid-900.svg]
