[www.moodsmusic.it/index.html]
[backblue.gif]
[fade.gif]
[index.html]
[www.moodsmusic.it/wp-content/uploads/2016/05/3.jpg]
[www.moodsmusic.it/wp-includes/js/jquery/jqueryb8ff.js]
[www.moodsmusic.it/wp-includes/js/jquery/jquery-migrate.min330a.js]
[www.moodsmusic.it/wp-content/themes/moods_theme/js/jquery.imgloader.min62d1.js]
[www.moodsmusic.it/wp-content/themes/moods_theme/js/globals.min62d1.js]
[www.moodsmusic.it/wp-content/themes/moods_theme/bootstrap/js/bootstrap.min62d1.js]
[www.moodsmusic.it/wp-content/themes/moods_theme/js/gsap/plugins/CSSPlugin.min2754.js]
[www.moodsmusic.it/wp-content/themes/moods_theme/js/gsap/easing/EasePack.min2754.js]
[www.moodsmusic.it/wp-content/themes/moods_theme/js/gsap/TweenMax.min2754.js]
[www.moodsmusic.it/wp-content/themes/moods_theme/js/gsap/TimelineMax.min2754.js]
[www.moodsmusic.it/wp-content/themes/moods_theme/js/three.min2754.js]
[www.moodsmusic.it/wp-content/themes/moods_theme/js/Detector.min2754.js]
[www.moodsmusic.it/wp-content/themes/moods_theme/js/davis.js]
[www.moodsmusic.it/wp-content/themes/moods_theme/js/circles.min62d1.js]
[www.moodsmusic.it/wp-content/themes/moods_theme/js/jquery.nicescroll.min62d1.js]
[www.moodsmusic.it/wp-content/themes/moods_theme/js/jquery.lazyjaxdavis.min.js]
[www.moodsmusic.it/wp-content/themes/moods_theme/js/router.min62d1.js]
[www.moodsmusic.it/wp-json/index.html]
[www.moodsmusic.it/xmlrpc0db0.php]
[www.moodsmusic.it/wp-includes/wlwmanifest.xml]
[www.moodsmusic.it/wp-admin/admin-ajax.html]
[www.moodsmusic.it/wp-content/themes/moods_theme/audio/moods.mp3]
[www.moodsmusic.it/bio/index.html]
[www.moodsmusic.it/disco/index.html]
[www.moodsmusic.it/tour/index.html]
[www.moodsmusic.it/gallery/index.html]
[www.moodsmusic.it/booking/index.html]
[www.google-analytics.com/analytics.js]
[www.moodsmusic.it/m/index.html]
[www.moodsmusic.it/wp-content/plugins/contact-form-7/includes/js/jquery.form.mind03d.js]
[www.moodsmusic.it/wp-content/plugins/contact-form-7/includes/js/scripts167b.js]
[www.moodsmusic.it/wp-content/themes/moods_theme/js/threevideo.min62d1.js]
[www.moodsmusic.it/wp-content/themes/moods_theme/js/soundDisplay.min62d1.js]
[www.moodsmusic.it/wp-content/themes/moods_theme/js/jquery.shuffleLetters.min62d1.js]
[www.moodsmusic.it/wp-content/themes/moods_theme/js/jquery.tools.min62d1.js]
[www.moodsmusic.it/wp-content/themes/moods_theme/js/jquery.inview.min62d1.js]
[www.moodsmusic.it/wp-content/themes/moods_theme/js/functions.min62d1.js]
[www.moodsmusic.it/wp-includes/js/wp-embed.min2754.js]
[www.moodsmusic.it/index.html]
[www.moodsmusic.it/wp-content/plugins/contact-form-7/images/ajax-loader.gif]
[www.moodsmusic.it/wp-content/plugins/contact-form-7/includes/css/styles167b.css]
[www.moodsmusic.it/wp-content/plugins/responsive-video-shortcodes/assets/respvid2754.css]
[www.moodsmusic.it/wp-content/themes/moods_theme/fonts/myriad-pro/MYRIADPRO-REGULAR.woff]
[www.moodsmusic.it/wp-content/themes/moods_theme/fonts/myriad-pro/MYRIADPRO-COND.woff]
[www.moodsmusic.it/wp-content/themes/moods_theme/fonts/myriad-pro/MYRIADPRO-SEMIBOLDIT.woff]
[www.moodsmusic.it/wp-content/themes/moods_theme/fonts/myriad-pro/MYRIADPRO-SEMIBOLD.woff]
[www.moodsmusic.it/wp-content/themes/moods_theme/fonts/myriad-pro/MYRIADPRO-CONDIT.woff]
[www.moodsmusic.it/wp-content/themes/moods_theme/fonts/myriad-pro/MYRIADPRO-BOLDIT.woff]
[www.moodsmusic.it/wp-content/themes/moods_theme/fonts/myriad-pro/MYRIADPRO-BOLDCONDIT.woff]
[www.moodsmusic.it/wp-content/themes/moods_theme/fonts/myriad-pro/MYRIADPRO-BOLDCOND.woff]
[www.moodsmusic.it/wp-content/themes/moods_theme/fonts/myriad-pro/MYRIADPRO-BOLD.woff]
[www.moodsmusic.it/wp-content/themes/moods_theme/fonts/myriad-pro/style2754.css]
[www.moodsmusic.it/wp-content/themes/moods_theme/fonts/monospacedb/monspacb-webfont.eot]
[www.moodsmusic.it/wp-content/themes/moods_theme/fonts/monospacedb/monspacb-webfont.woff2]
[www.moodsmusic.it/wp-content/themes/moods_theme/fonts/monospacedb/monspacb-webfontd41d.eot]
[www.moodsmusic.it/wp-content/themes/moods_theme/fonts/monospacedb/monspacb-webfont.woff]
[www.moodsmusic.it/wp-content/themes/moods_theme/fonts/monospacedb/monspacb-webfont.ttf]
[www.moodsmusic.it/wp-content/themes/moods_theme/fonts/monospacedb/stylesheet2754.css]
[www.moodsmusic.it/wp-content/themes/moods_theme/bootstrap/fonts/glyphicons-halflings-regular.eot]
[www.moodsmusic.it/wp-content/themes/moods_theme/bootstrap/fonts/glyphicons-halflings-regular.woff2]
[www.moodsmusic.it/wp-content/themes/moods_theme/bootstrap/fonts/glyphicons-halflings-regulard41d.eot]
[www.moodsmusic.it/wp-content/themes/moods_theme/bootstrap/fonts/glyphicons-halflings-regular.woff]
[www.moodsmusic.it/wp-content/themes/moods_theme/bootstrap/fonts/glyphicons-halflings-regular.ttf]
[www.moodsmusic.it/wp-content/themes/moods_theme/bootstrap/css/bootstrap.min2754.css]
[www.moodsmusic.it/wp-content/themes/moods_theme/font-awesome/fonts/fontawesome-webfont93e3.eot]
[www.moodsmusic.it/wp-content/themes/moods_theme/font-awesome/fonts/fontawesome-webfontd41d.eot]
[www.moodsmusic.it/wp-content/themes/moods_theme/font-awesome/fonts/fontawesome-webfont93e3.woff2]
[www.moodsmusic.it/wp-content/themes/moods_theme/font-awesome/fonts/fontawesome-webfont93e3.woff]
[www.moodsmusic.it/wp-content/themes/moods_theme/font-awesome/fonts/fontawesome-webfont93e3.ttf]
[www.moodsmusic.it/wp-content/themes/moods_theme/font-awesome/css/font-awesome.min2754.css]
[www.moodsmusic.it/wp-content/themes/moods_theme/css/animate.min62d1.css]
[www.moodsmusic.it/wp-content/themes/moods_theme/css/hamburger.min62d1.css]
[www.moodsmusic.it/wp-content/themes/moods_theme/css/progetty.min62d1.css]
[www.moodsmusic.it/wp-content/themes/moods_theme/img/moods-safari.jpg]
[www.moodsmusic.it/wp-content/themes/moods_theme/style.min62d1.css]
[www.moodsmusic.it/wp-content/themes/moods_theme/css/menu.min62d1.css]
[www.moodsmusic.it/wp-admin/admin-ajax.html]
[www.moodsmusic.it/wp-content/uploads/2016/03/moods-band-bio.jpg]
[www.moodsmusic.it/wp-json/oembed/1.0/embed2cde.json]
[www.moodsmusic.it/wp-json/oembed/1.0/embedf0da]
[www.moodsmusic.it/wp-content/themes/moods_theme/img/moods-band.jpg]
[www.moodsmusic.it/wp-content/themes/moods_theme/js/jquery.inview.min.js]
[www.moodsmusic.it/bio/index.html]
[www.moodsmusic.it/wp-json/oembed/1.0/embed997d.json]
[www.moodsmusic.it/wp-json/oembed/1.0/embed6bbe]
[www.moodsmusic.it/wp-content/themes/moods_theme/audio/01-MOODS-In Your Eyes.mp3]
[www.moodsmusic.it/wp-content/themes/moods_theme/audio/02-MOODS-B-come.mp3]
[www.moodsmusic.it/wp-content/themes/moods_theme/audio/03-MOODS-Move It On.mp3]
[www.moodsmusic.it/wp-content/themes/moods_theme/audio/04-MOODS-Catch Me.mp3]
[www.moodsmusic.it/wp-content/themes/moods_theme/audio/05-MOODS-Sunlight.mp3]
[www.moodsmusic.it/wp-content/themes/moods_theme/audio/06-MOODS-Long Way Down.mp3]
[www.moodsmusic.it/wp-content/themes/moods_theme/audio/07-MOODS-Voices.mp3]
[www.moodsmusic.it/wp-content/themes/moods_theme/audio/08-MOODS-Ride In The Sky.mp3]
[www.moodsmusic.it/wp-content/themes/moods_theme/audio/09-MOODS-Chemical Lover.mp3]
[www.moodsmusic.it/wp-content/themes/moods_theme/audio/10-MOODS-Pump Rock.mp3]
[www.moodsmusic.it/wp-content/themes/moods_theme/audio/11-MOODS-Sunlight (unplugged version).mp3]
[www.moodsmusic.it/wp-content/themes/moods_theme/img/wailing-label.png]
[www.moodsmusic.it/wp-content/themes/moods_theme/img/moods-wailing.jpg]
[www.moodsmusic.it/wp-content/themes/moods_theme/img/lyrics-moods-wailing.pdf]
[www.moodsmusic.it/wp-content/themes/moods_theme/js/disco.min.js]
[www.moodsmusic.it/disco/index.html]
[www.moodsmusic.it/wp-json/oembed/1.0/embed363f.json]
[www.moodsmusic.it/wp-json/oembed/1.0/embedc1fa]
[www.moodsmusic.it/tour/index.html]
[www.moodsmusic.it/wp-json/oembed/1.0/embed969e.json]
[www.moodsmusic.it/wp-json/oembed/1.0/embedcff7]
[www.moodsmusic.it/wp-content/uploads/2016/03/IMG_2856-300x300.jpg]
[www.moodsmusic.it/photogallery/index.html]
[www.moodsmusic.it/wp-content/uploads/2016/03/IMG_2853-300x300.jpg]
[www.moodsmusic.it/gallery/index.html]
[www.moodsmusic.it/video/index.html]
[www.moodsmusic.it/wp-json/oembed/1.0/embed814e.json]
[www.moodsmusic.it/wp-json/oembed/1.0/embed458c]
[www.moodsmusic.it/presskit.zip]
[www.moodsmusic.it/booking/index.html]
[www.moodsmusic.it/wp-content/themes/moods_theme/img/logo-moods.svg]
[www.moodsmusic.it/wp-content/themes/moods_theme/img/volume-up.svg]
[www.moodsmusic.it/wp-content/themes/moods_theme/img/volume-off.svg]
[www.moodsmusic.it/wp-json/oembed/1.0/embedd4b9.json]
[www.moodsmusic.it/wp-json/oembed/1.0/embed11d5]
[www.moodsmusic.it/wp-content/themes/moods_theme/img/slider/1.jpg]
[www.moodsmusic.it/wp-content/themes/moods_theme/img/slider/2.jpg]
[www.moodsmusic.it/wp-content/themes/moods_theme/img/slider/3.jpg]
[www.moodsmusic.it/wp-content/themes/moods_theme/img/slider/4.jpg]
[www.moodsmusic.it/wp-content/themes/moods_theme/img/slider/5.jpg]
[www.moodsmusic.it/wp-content/themes/moods_theme/img/slider/6.jpg]
[www.moodsmusic.it/wp-content/uploads/2016/03/moods-photo1-600x400.jpg]
[www.moodsmusic.it/wp-content/uploads/2016/03/moods-photo2-600x400.jpg]
[www.moodsmusic.it/wp-content/uploads/2016/03/moods-photo3-600x400.jpg]
[www.moodsmusic.it/wp-content/uploads/2016/03/12366433_10208328954731497_941242937550312121_n-600x400.jpg]
[www.moodsmusic.it/wp-content/uploads/2016/03/11072683_878756992190129_5009180619189839484_n-600x400.jpg]
[www.moodsmusic.it/wp-content/uploads/2016/03/1891157_268275956669269_521560943_n-600x400.jpg]
[www.moodsmusic.it/wp-content/uploads/2016/03/screenmoods1.png]
[www.moodsmusic.it/wp-content/uploads/2016/03/screenmoods2.png]
[www.moodsmusic.it/wp-content/uploads/2016/03/screenmoods5.png]
[www.moodsmusic.it/wp-content/uploads/2016/03/screenmoods3.png]
[www.moodsmusic.it/wp-content/uploads/2016/03/screenmoods4.png]
[www.moodsmusic.it/wp-content/uploads/2016/03/moods.jpg]
[www.moodsmusic.it/wp-content/uploads/2016/03/moods1.jpg]
[www.moodsmusic.it/wp-content/uploads/2016/03/moods3.jpg]
[www.moodsmusic.it/wp-content/uploads/2016/03/moods4.jpg]
[www.moodsmusic.it/wp-content/uploads/2016/03/moods5.jpg]
[www.moodsmusic.it/wp-content/uploads/2016/03/moods-bcome-4.jpg]
[www.moodsmusic.it/wp-content/uploads/2016/03/moods-bcome-2.jpg]
[www.moodsmusic.it/wp-content/uploads/2016/03/moods-bcome1.jpg]
[www.moodsmusic.it/wp-content/uploads/2016/03/moods-bcome-3.jpg]
[www.moodsmusic.it/wp-content/uploads/2016/03/moods-bcome.jpg]
[www.moodsmusic.it/wp-content/uploads/2016/03/moods-sunlight-1.jpg]
[www.moodsmusic.it/wp-content/uploads/2016/03/moods-sunlight-2.jpg]
[www.moodsmusic.it/wp-content/uploads/2016/03/moods-sunlight-3.jpg]
[www.moodsmusic.it/wp-content/uploads/2016/03/moods-sunlight-4.jpg]
[www.moodsmusic.it/wp-content/uploads/2016/03/moods-takemylove-1.jpg]
[www.moodsmusic.it/wp-content/uploads/2016/03/moods-takemylove-2.jpg]
[www.moodsmusic.it/wp-content/uploads/2016/03/moods-takemylove.jpg]
[www.moodsmusic.it/wp-content/uploads/2016/03/moods-takemylove-3.jpg]
[www.moodsmusic.it/wp-content/uploads/2016/03/moods-takemylove-4.jpg]
[www.moodsmusic.it/wp-content/themes/moods_theme/js/functions-mobile.min62d1.js]
[www.moodsmusic.it/m/index.html]
[www.moodsmusic.it/wp-content/themes/moods_theme/fonts/monospacedb/monspacb-webfont.svg]
[www.moodsmusic.it/wp-content/themes/moods_theme/bootstrap/fonts/glyphicons-halflings-regular.svg]
[www.moodsmusic.it/wp-content/themes/moods_theme/font-awesome/fonts/fontawesome-webfont93e3.svg]
[www.moodsmusic.it/wp-content/themes/moods_theme/img/play-button-video.svg]
[www.moodsmusic.it/index678b.html]
[www.moodsmusic.it/index970c.html]
[www.moodsmusic.it/wp-content/themes/moods_theme/img/prew-01.svg]
[www.moodsmusic.it/wp-content/themes/moods_theme/img/play-01.svg]
[www.moodsmusic.it/wp-content/themes/moods_theme/img/pause-01.svg]
[www.moodsmusic.it/wp-content/themes/moods_theme/img/next-01.svg]
[www.moodsmusic.it/index1e7e.html]
[www.moodsmusic.it/index0d0b.html]
[www.moodsmusic.it/wp-json/oembed/1.0/embed88d6.json]
[www.moodsmusic.it/wp-json/oembed/1.0/embed0c18]
[www.moodsmusic.it/wp-content/uploads/2016/03/moods-photo1.jpg]
[www.moodsmusic.it/wp-content/uploads/2016/03/moods-photo2.jpg]
[www.moodsmusic.it/wp-content/uploads/2016/03/moods-photo3.jpg]
[www.moodsmusic.it/wp-content/uploads/2016/03/12366433_10208328954731497_941242937550312121_n.jpg]
[www.moodsmusic.it/wp-content/uploads/2016/03/11072683_878756992190129_5009180619189839484_n.jpg]
[www.moodsmusic.it/wp-content/uploads/2016/03/1891157_268275956669269_521560943_n.jpg]
[www.moodsmusic.it/wp-content/uploads/2016/03/11781689_427753227419432_3985539135597225136_n.jpg]
[www.moodsmusic.it/wp-content/uploads/2016/03/1920387_268278036669061_956400763_n.jpg]
[www.moodsmusic.it/wp-content/uploads/2016/03/23042016-IMG_1314.jpg]
[www.moodsmusic.it/wp-content/uploads/2016/03/IMG_2387.jpg]
[www.moodsmusic.it/wp-content/uploads/2016/03/23042016-IMG_1304.jpg]
[www.moodsmusic.it/wp-content/uploads/2016/03/23042016-IMG_1302.jpg]
[www.moodsmusic.it/wp-content/uploads/2016/03/23042016-IMG_1281.jpg]
[www.moodsmusic.it/wp-content/uploads/2016/03/23042016-IMG_1271.jpg]
[www.moodsmusic.it/wp-content/uploads/2016/03/23042016-IMG_1267.jpg]
[www.moodsmusic.it/wp-content/uploads/2016/03/23042016-IMG_1265.jpg]
[www.moodsmusic.it/wp-content/uploads/2016/03/23042016-IMG_1250.jpg]
[www.moodsmusic.it/wp-content/uploads/2016/03/23042016-IMG_1247.jpg]
[www.moodsmusic.it/wp-content/uploads/2016/03/23042016-IMG_1241.jpg]
[www.moodsmusic.it/wp-content/uploads/2016/03/IMG_2856.jpg]
[www.moodsmusic.it/wp-content/uploads/2016/03/IMG_2853.jpg]
[www.moodsmusic.it/wp-content/uploads/2016/03/IMG_2551.jpg]
[www.moodsmusic.it/wp-content/uploads/2016/03/12373153_10208328957131557_8320779688911760864_n.jpg]
[www.moodsmusic.it/wp-content/uploads/2016/03/12366464_10208328954051480_4050615665821022226_n.jpg]
[www.moodsmusic.it/wp-content/uploads/2016/03/12366427_10208328955931527_8931476720871586875_n.jpg]
[www.moodsmusic.it/wp-content/uploads/2016/03/12341195_10208328955131507_5359516606668730373_n.jpg]
[www.moodsmusic.it/wp-content/uploads/2016/03/12321168_10208328956251535_1663499312969767197_n.jpg]
[www.moodsmusic.it/wp-content/uploads/2016/03/12316488_10205069767933793_157553492652825220_n.jpg]
[www.moodsmusic.it/wp-content/uploads/2016/03/12313668_10208328953291461_2216993951425031630_n.jpg]
[www.moodsmusic.it/wp-content/uploads/2016/03/11231916_427762734085148_1984967328943142529_n.jpg]
[www.moodsmusic.it/wp-content/uploads/2016/03/11150655_878756715523490_1271185930625956698_n.jpg]
[www.moodsmusic.it/photogallery/index.html]
[www.moodsmusic.it/wp-json/oembed/1.0/embed36f6.json]
[www.moodsmusic.it/wp-json/oembed/1.0/embed4255]
[www.moodsmusic.it/video/index.html]
[www.moodsmusic.it/index9787.html]
[www.moodsmusic.it/index421d.html]
[www.moodsmusic.it/wp-content/themes/moods_theme/index.html]
[www.moodsmusic.it/index49b1.html]
[www.moodsmusic.it/index6aed.html]
