[demo.cocobasic.com/fabius-wp/demo-1/index.html]
[backblue.gif]
[fade.gif]
[index.html]
[demo.cocobasic.com/fabius-wp/demo-1/wp-content/cache/autoptimize/css/autoptimize_d74b37a93e2886fc4db6e77383e5812c.css]
[demo.cocobasic.com/fabius-wp/demo-1/wp-content/cache/autoptimize/css/autoptimize_single_65cb474ee6a2bc7945c7509b4bcf8f27.css]
[demo.cocobasic.com/fabius-wp/demo-1/wp-content/cache/autoptimize/css/autoptimize_single_4182bedb724c451e04f3eb4d44b995ef.css]
[demo.cocobasic.com/fabius-wp/demo-1/wp-includes/js/jquery/jquery.min.js]
[demo.cocobasic.com/fabius-wp/demo-1/wp-json/wp/v2/pages/313.json]
[demo.cocobasic.com/fabius-wp/demo-1/wp-json/oembed/1.0/embed9b55.json]
[demo.cocobasic.com/fabius-wp/demo-1/wp-json/index.html]
[demo.cocobasic.com/fabius-wp/demo-1/wp-json/oembed/1.0/embed55c9]
[demo.cocobasic.com/fabius-wp/demo-1/wp-content/uploads/2020/09/cropped-favicon-1-32x32.png]
[demo.cocobasic.com/fabius-wp/demo-1/wp-content/uploads/2020/09/cropped-favicon-1-192x192.png]
[demo.cocobasic.com/fabius-wp/demo-1/wp-content/uploads/2020/09/cropped-favicon-1-180x180.png]
[demo.cocobasic.com/fabius-wp/demo-1/wp-content/themes/fabius-wp/images/logo.png]
[demo.cocobasic.com/fabius-wp/demo-1/blog/index.html]
[demo.cocobasic.com/fabius-wp/demo-1/hundreds-of-thousands-a-still-more-glorious-nights-around-art/index.html]
[demo.cocobasic.com/fabius-wp/demo-1/portfolio/item-1/index.html]
[demo.cocobasic.com/fabius-wp/demo-1/portfolio/item-2/index.html]
[demo.cocobasic.com/fabius-wp/demo-1/portfolio/item-3/index.html]
[demo.cocobasic.com/fabius-wp/demo-1/portfolio/item-4/index.html]
[demo.cocobasic.com/fabius-wp/demo-1/404]
[demo.cocobasic.com/fabius-wp/demo-1/wp-content/uploads/2020/11/main.jpg]
[demo.cocobasic.com/fabius-wp/demo-1/wp-content/uploads/2020/11/portfolio_item_1.jpg]
[demo.cocobasic.com/fabius-wp/demo-1/wp-content/uploads/2020/11/portfolio_item_2.jpg]
[demo.cocobasic.com/fabius-wp/demo-1/wp-content/uploads/2020/11/blog_post_01-768x360.jpg]
[demo.cocobasic.com/fabius-wp/demo-1/wp-content/uploads/2020/11/blog_post_02-768x360.jpg]
[demo.cocobasic.com/fabius-wp/demo-1/wp-content/uploads/2020/11/blog_post_03-768x360.jpg]
[demo.cocobasic.com/fabius-wp/demo-1/preserve-and-cherish-that-pale-blue-dot-are-light-years/index.html]
[demo.cocobasic.com/fabius-wp/demo-1/wp-content/uploads/2020/10/icon_quote_refs.png]
[demo.cocobasic.com/fabius-wp/demo-1/wp-content/uploads/2020/11/company_logo_01@2x.png]
[demo.cocobasic.com/fabius-wp/demo-1/wp-content/uploads/2020/11/company_logo_02@2x.png]
[demo.cocobasic.com/fabius-wp/demo-1/wp-content/uploads/2020/11/company_logo_03@2x.png]
[demo.cocobasic.com/fabius-wp/demo-1/wp-content/uploads/2020/11/company_logo_04@2x.png]
[demo.cocobasic.com/fabius-wp/demo-1/great-turbulent-clouds-hearts-of-the-stars-stirred-by-starlight-sky/index.html]
[demo.cocobasic.com/fabius-wp/demo-1/index.html]
[demo.cocobasic.com/fabius-wp/demo-1/wp-content/cache/autoptimize/js/autoptimize_c1b6e9f1505c511234166512c8387472.js]
[demo.cocobasic.com/fabius-wp/demo-1/wp-content/plugins/cocobasic-elementor/assets/images/prettyPhoto/default/sprite_next.png]
[demo.cocobasic.com/fabius-wp/demo-1/wp-content/plugins/cocobasic-elementor/assets/css/owl.video.play.png]
[demo.cocobasic.com/fabius-wp/demo-1/wp-content/plugins/cocobasic-elementor/assets/images/nav_left.png]
[demo.cocobasic.com/fabius-wp/demo-1/wp-content/plugins/elementor/assets/lib/eicons/fonts/eicons080a.eot]
[demo.cocobasic.com/fabius-wp/demo-1/wp-content/plugins/elementor/assets/lib/font-awesome/webfonts/fa-brands-400.eot]
[demo.cocobasic.com/fabius-wp/demo-1/wp-content/plugins/elementor/assets/lib/font-awesome/webfonts/fa-solid-900.eot]
[demo.cocobasic.com/fabius-wp/demo-1/wp-content/cache/autoptimize/css/autoptimize_d74b37a93e2886fc4db6e77383e5812c.css]
[demo.cocobasic.com/fabius-wp/demo-1/wp-content/cache/autoptimize/css/autoptimize_single_65cb474ee6a2bc7945c7509b4bcf8f27.css]
[demo.cocobasic.com/fabius-wp/demo-1/wp-content/cache/autoptimize/css/autoptimize_single_4182bedb724c451e04f3eb4d44b995ef.css]
[demo.cocobasic.com/fabius-wp/demo-1/wp-content/cache/autoptimize/css/autoptimize_0fd86baa4d555fb3d0288ca39151ba2f.css]
[demo.cocobasic.com/fabius-wp/demo-1/wp-content/uploads/2020/11/blog_post_01.jpg]
[demo.cocobasic.com/fabius-wp/demo-1/wp-content/uploads/2020/11/blog_post_02.jpg]
[demo.cocobasic.com/fabius-wp/demo-1/wp-content/uploads/2020/11/blog_post_03.jpg]
[demo.cocobasic.com/fabius-wp/demo-1/blog/index.html]
[demo.cocobasic.com/fabius-wp/demo-1/wp-content/cache/autoptimize/js/autoptimize_b5adff9b279107183c4919392a238811.js]
[demo.cocobasic.com/fabius-wp/demo-1/author/jacob-hawkins/index.html]
[demo.cocobasic.com/fabius-wp/demo-1/wp-json/wp/v2/posts/131.json]
[demo.cocobasic.com/fabius-wp/demo-1/category/uncategorized/index.html]
[demo.cocobasic.com/fabius-wp/demo-1/wp-json/oembed/1.0/embed0aa5.json]
[demo.cocobasic.com/fabius-wp/demo-1/wp-json/oembed/1.0/embedf7b7]
[demo.cocobasic.com/fabius-wp/demo-1/hundreds-of-thousands-a-still-more-glorious-nights-around-art/index.html]
[demo.cocobasic.com/fabius-wp/demo-1/wp-content/cache/autoptimize/js/autoptimize_234df9c7a433edb1073e22453f9507a8.js]
[demo.cocobasic.com/fabius-wp/demo-1/wp-content/cache/autoptimize/css/autoptimize_b7e9fe36dc12ffc675d7af043ee9fae2.css]
[demo.cocobasic.com/fabius-wp/demo-1/wp-content/cache/autoptimize/css/autoptimize_single_6c79154e06c4575c00c133df76478e87.css]
[demo.cocobasic.com/fabius-wp/demo-1/wp-json/wp/v2/portfolio/32.json]
[demo.cocobasic.com/fabius-wp/demo-1/wp-json/oembed/1.0/embed534f.json]
[demo.cocobasic.com/fabius-wp/demo-1/wp-json/oembed/1.0/embede146]
[demo.cocobasic.com/fabius-wp/demo-1/wp-content/uploads/2020/09/item_07.jpg]
[demo.cocobasic.com/fabius-wp/demo-1/wp-content/uploads/2020/09/item_06.jpg]
[demo.cocobasic.com/fabius-wp/demo-1/wp-content/uploads/2020/09/item_05.jpg]
[demo.cocobasic.com/fabius-wp/demo-1/wp-content/uploads/2020/09/item_04.jpg]
[demo.cocobasic.com/fabius-wp/demo-1/portfolio/item-1/index.html]
[demo.cocobasic.com/fabius-wp/demo-1/wp-content/cache/autoptimize/js/autoptimize_c85175cd8806698a8595242d4742dd81.js]
[demo.cocobasic.com/fabius-wp/demo-1/wp-content/cache/autoptimize/css/autoptimize_single_13bfe26dc98469e93a1a031d2a24d087.css]
[demo.cocobasic.com/fabius-wp/demo-1/wp-json/wp/v2/portfolio/30.json]
[demo.cocobasic.com/fabius-wp/demo-1/wp-json/oembed/1.0/embedd06c.json]
[demo.cocobasic.com/fabius-wp/demo-1/wp-json/oembed/1.0/embed4c90]
[demo.cocobasic.com/fabius-wp/demo-1/wp-content/uploads/2020/09/item_02.jpg]
[demo.cocobasic.com/fabius-wp/demo-1/wp-content/uploads/2020/09/item_01.jpg]
[demo.cocobasic.com/fabius-wp/demo-1/wp-content/uploads/2020/09/item_03.jpg]
[demo.cocobasic.com/fabius-wp/demo-1/portfolio/item-2/index.html]
[demo.cocobasic.com/fabius-wp/demo-1/wp-content/cache/autoptimize/css/autoptimize_single_c9a2f6f202213cf9765b40c65911df21.css]
[demo.cocobasic.com/fabius-wp/demo-1/wp-json/wp/v2/portfolio/28.json]
[demo.cocobasic.com/fabius-wp/demo-1/wp-json/oembed/1.0/embedda77.json]
[demo.cocobasic.com/fabius-wp/demo-1/portfolio/item-3/index.html]
[demo.cocobasic.com/fabius-wp/demo-1/wp-json/oembed/1.0/embed3f2f]
[demo.cocobasic.com/fabius-wp/demo-1/wp-content/cache/autoptimize/css/autoptimize_single_35506c16ba5cf726d415ed610df85b95.css]
[demo.cocobasic.com/fabius-wp/demo-1/wp-json/wp/v2/portfolio/26.json]
[demo.cocobasic.com/fabius-wp/demo-1/wp-json/oembed/1.0/embedeb66.json]
[demo.cocobasic.com/fabius-wp/demo-1/portfolio/item-4/index.html]
[demo.cocobasic.com/fabius-wp/demo-1/404.html]
[demo.cocobasic.com/fabius-wp/demo-1/wp-json/oembed/1.0/embedb48d]
[demo.cocobasic.com/fabius-wp/demo-1/wp-json/wp/v2/posts/174.json]
[demo.cocobasic.com/fabius-wp/demo-1/wp-json/oembed/1.0/embedb15d.json]
[demo.cocobasic.com/fabius-wp/demo-1/preserve-and-cherish-that-pale-blue-dot-are-light-years/index.html]
[demo.cocobasic.com/fabius-wp/demo-1/wp-json/oembed/1.0/embed3151]
[demo.cocobasic.com/fabius-wp/demo-1/wp-json/wp/v2/posts/175.json]
[demo.cocobasic.com/fabius-wp/demo-1/wp-json/oembed/1.0/embed4410.json]
[demo.cocobasic.com/fabius-wp/demo-1/great-turbulent-clouds-hearts-of-the-stars-stirred-by-starlight-sky/index.html]
[demo.cocobasic.com/fabius-wp/demo-1/wp-json/oembed/1.0/embed6551]
[demo.cocobasic.com/fabius-wp/demo-1/wp-content/plugins/cocobasic-elementor/assets/css/owl.video.play.html]
[demo.cocobasic.com/fabius-wp/demo-1/wp-content/cache/autoptimize/css/autoptimize_0fd86baa4d555fb3d0288ca39151ba2f.css]
[demo.cocobasic.com/fabius-wp/demo-1/cambrian-explosion-kindling-the-energy-hidden-in-matter-vanquish-now/index.html]
[demo.cocobasic.com/fabius-wp/demo-1/author/jacob-hawkins/feed/index.html]
[demo.cocobasic.com/fabius-wp/demo-1/author/jacob-hawkins/index.html]
[demo.cocobasic.com/fabius-wp/demo-1/wp-json/wp/v2/users/1.json]
[demo.cocobasic.com/fabius-wp/demo-1/author/jacob-hawkins/page/2/index.html]
[demo.cocobasic.com/fabius-wp/demo-1/category/uncategorized/index.html]
[demo.cocobasic.com/fabius-wp/demo-1/indexd52d.html]
[demo.cocobasic.com/fabius-wp/demo-1/wp-content/cache/autoptimize/css/autoptimize_b7e9fe36dc12ffc675d7af043ee9fae2.css]
[demo.cocobasic.com/fabius-wp/demo-1/wp-content/cache/autoptimize/css/autoptimize_single_6c79154e06c4575c00c133df76478e87.css]
[demo.cocobasic.com/fabius-wp/demo-1/index6c46.html]
[demo.cocobasic.com/fabius-wp/demo-1/wp-content/cache/autoptimize/css/autoptimize_single_13bfe26dc98469e93a1a031d2a24d087.css]
[demo.cocobasic.com/fabius-wp/demo-1/index5643.html]
[demo.cocobasic.com/fabius-wp/demo-1/wp-content/cache/autoptimize/css/autoptimize_single_c9a2f6f202213cf9765b40c65911df21.css]
[demo.cocobasic.com/fabius-wp/demo-1/index3c55.html]
[demo.cocobasic.com/fabius-wp/demo-1/wp-content/cache/autoptimize/css/autoptimize_single_35506c16ba5cf726d415ed610df85b95.css]
[demo.cocobasic.com/fabius-wp/demo-1/index88b9.html]
[demo.cocobasic.com/fabius-wp/demo-1/index0325.html]
[demo.cocobasic.com/fabius-wp/demo-1/indexa09e.html]
[demo.cocobasic.com/fabius-wp/demo-1/wp-json/wp/v2/categories/1.json]
[demo.cocobasic.com/fabius-wp/demo-1/category/uncategorized/page/2/index.html]
[demo.cocobasic.com/fabius-wp/demo-1/category/uncategorized/feed/index.html]
[demo.cocobasic.com/fabius-wp/demo-1/wp-json/wp/v2/posts/291.json]
[demo.cocobasic.com/fabius-wp/demo-1/wp-json/oembed/1.0/embed3daa.json]
[demo.cocobasic.com/fabius-wp/demo-1/wp-json/oembed/1.0/embed45f5]
[demo.cocobasic.com/fabius-wp/demo-1/wp-content/uploads/2020/11/blog_post_04.jpg]
[demo.cocobasic.com/fabius-wp/demo-1/cambrian-explosion-kindling-the-energy-hidden-in-matter-vanquish-now/index.html]
[demo.cocobasic.com/fabius-wp/demo-1/xmlrpc0db0.php]
[demo.cocobasic.com/fabius-wp/demo-1/author/jacob-hawkins/page/2/index.html]
[demo.cocobasic.com/fabius-wp/demo-1/category/uncategorized/page/2/index.html]
[demo.cocobasic.com/fabius-wp/demo-1/index820e.html]
